---
source: tui/src/chatwidget/tests.rs
assertion_line: 7230
expression: popup
---
  Select Model and Effort
  Access legacy models by running codex -m <model_name> or in your config.toml

  Type to search models
› openai/gpt-5.3-codex (default)          Latest frontier agentic coding
                                          model.
  openai/gpt-5.4                          Latest frontier agentic coding
                                          model.
  openai/gpt-5.2-codex                    Frontier agentic coding model.
  openai/gpt-5.1-codex-max                Codex-optimized flagship for deep
                                          and fast reasoning.
  openai/gpt-5.2                          Latest frontier model with
                                          improvements across knowledge,
                                          reasoning and coding
  openai/gpt-5.1-codex-mini               Optimized for codex. Cheaper,
                                          faster, but less capable.
  github-copilot/gpt-5.3-codex (default)  Latest frontier agentic coding
                                          model.
  github-copilot/gpt-5.4                  Latest frontier agentic coding
                                          model.

  Press enter to select reasoning effort, or esc to dismiss.
